\BOOKMARK [0][-]{chapter.1}{\376\377\000I\000n\000t\000r\000o\000d\000u\000c\000t\000i\000o\000n\000\040\000a\000n\000d\000\040\000O\000v\000e\000r\000v\000i\000e\000w}{}% 1
\BOOKMARK [1][-]{section.1.1}{\376\377\000P\000u\000r\000p\000o\000s\000e\000\040\000o\000f\000\040\000t\000h\000i\000s\000\040\000H\000a\000n\000d\000b\000o\000o\000k}{chapter.1}% 2
\BOOKMARK [1][-]{section.1.2}{\376\377\000N\000o\000t\000a\000t\000i\000o\000n\000\040\000C\000h\000e\000a\000t\000-\000S\000h\000e\000e\000t}{chapter.1}% 3
\BOOKMARK [1][-]{section.1.3}{\376\377\000Q\000u\000i\000c\000k\000\040\000T\000o\000u\000r\000\040\000o\000f\000\040\000t\000h\000e\000\040\000C\000o\000d\000e}{chapter.1}% 4
\BOOKMARK [-1][-]{part.1}{\376\377\000I\000\040\000T\000h\000e\000o\000r\000y\000\040\000a\000n\000d\000\040\000t\000h\000e\000\040\000W\000u\000\040\000F\000o\000r\000t\000r\000a\000n\000\040\000R\000e\000f\000e\000r\000e\000n\000c\000e\000\040\000\050\000B\000e\000n\000c\000h\000m\000a\000r\000k\000\051}{}% 5
\BOOKMARK [0][-]{chapter.2}{\376\377\000M\000a\000t\000h\000e\000m\000a\000t\000i\000c\000a\000l\000\040\000F\000o\000u\000n\000d\000a\000t\000i\000o\000n\000s}{part.1}% 6
\BOOKMARK [1][-]{section.2.1}{\376\377\000C\000o\000o\000r\000d\000i\000n\000a\000t\000e\000s\000\040\000a\000n\000d\000\040\000C\000o\000n\000s\000t\000a\000n\000t\000s}{chapter.2}% 7
\BOOKMARK [1][-]{section.2.2}{\376\377\000T\000h\000e\000r\000m\000o\000d\000y\000n\000a\000m\000i\000c\000\040\000R\000e\000l\000a\000t\000i\000o\000n\000s}{chapter.2}% 8
\BOOKMARK [1][-]{section.2.3}{\376\377\000N\000o\000n\000-\000u\000n\000i\000f\000o\000r\000m\000\040\000V\000e\000r\000t\000i\000c\000a\000l\000\040\000F\000i\000n\000i\000t\000e\000\040\000D\000i\000f\000f\000e\000r\000e\000n\000c\000e\000s}{chapter.2}% 9
\BOOKMARK [1][-]{section.2.4}{\376\377\000E\000r\000t\000e\000l\000\040\000P\000o\000t\000e\000n\000t\000i\000a\000l\000\040\000V\000o\000r\000t\000i\000c\000i\000t\000y}{chapter.2}% 10
\BOOKMARK [1][-]{section.2.5}{\376\377\000L\000i\000n\000e\000a\000r\000i\000z\000a\000t\000i\000o\000n\000\040\000a\000b\000o\000u\000t\000\040\000a\000\040\000M\000e\000a\000n\000\040\000S\000t\000a\000t\000e}{chapter.2}% 11
\BOOKMARK [1][-]{section.2.6}{\376\377\000C\000l\000o\000s\000u\000r\000e\000:\000\040\000C\000o\000u\000p\000l\000i\000n\000g\000\040\000\040\000t\000o\000\040}{chapter.2}% 12
\BOOKMARK [0][-]{chapter.3}{\376\377\000T\000h\000e\000\040\000W\000u\000\040\000F\000o\000r\000t\000r\000a\000n\000\040\000R\000e\000f\000e\000r\000e\000n\000c\000e\000\040\000S\000o\000l\000v\000e\000r}{part.1}% 13
\BOOKMARK [1][-]{section.3.1}{\376\377\000G\000r\000i\000d\000\040\000a\000n\000d\000\040\000V\000e\000r\000t\000i\000c\000a\000l\000\040\000L\000e\000v\000e\000l\000s}{chapter.3}% 14
\BOOKMARK [1][-]{section.3.2}{\376\377\000T\000h\000e\000\040\000T\000h\000r\000e\000e\000\040\000P\000r\000o\000g\000r\000a\000m\000s\000\040\000a\000n\000d\000\040\000F\000o\000u\000r\000\040\000P\000a\000s\000s\000e\000s}{chapter.3}% 15
\BOOKMARK [1][-]{section.3.3}{\376\377\000S\000o\000l\000v\000e\000r\000\040\000P\000a\000r\000a\000m\000e\000t\000e\000r\000s}{chapter.3}% 16
\BOOKMARK [0][-]{chapter.4}{\376\377\000T\000h\000e\000\040\000W\000u\000\040\000P\000i\000p\000e\000l\000i\000n\000e\000,\000\040\000S\000t\000e\000p\000\040\000b\000y\000\040\000S\000t\000e\000p\000\040\000\050\000B\000e\000n\000c\000h\000m\000a\000r\000k\000\051}{part.1}% 17
\BOOKMARK [1][-]{section.4.1}{\376\377\000S\000t\000e\000p\000\040\0000\0005\000\040\040\024\000\040\000P\000a\000s\000s\000\040\000A\000/\000B\000:\000\040\000M\000e\000a\000n\000\040\000a\000n\000d\000\040\000E\000v\000e\000n\000t\000\040\000P\000V\000,\000\040\000B\000a\000l\000a\000n\000c\000e\000d\000\040\000p\000s\000i}{chapter.4}% 18
\BOOKMARK [1][-]{section.4.2}{\376\377\000S\000t\000e\000p\000\040\0000\0006\000\040\040\024\000\040\000P\000a\000s\000s\000\040\000C\000:\000\040\000T\000o\000t\000a\000l\000\040\000B\000a\000l\000a\000n\000c\000e\000d\000\040\000I\000n\000v\000e\000r\000s\000i\000o\000n\000\040\000\050\000B\000A\000L\000N\000C\000\051}{chapter.4}% 19
\BOOKMARK [1][-]{section.4.3}{\376\377\000S\000t\000e\000p\000\040\0000\0007\000\040\040\024\000\040\000P\000a\000s\000s\000\040\000D\000:\000\040\000P\000i\000e\000c\000e\000w\000i\000s\000e\000\040\000P\000e\000r\000t\000u\000r\000b\000a\000t\000i\000o\000n\000\040\000I\000n\000v\000e\000r\000s\000i\000o\000n\000\040\000\050\000B\000A\000L\000P\000\051}{chapter.4}% 20
\BOOKMARK [1][-]{section.4.4}{\376\377\000S\000t\000e\000p\000\040\0000\0008\000\040\040\024\000\040\000P\000a\000r\000s\000e\000\040\000O\000u\000t\000p\000u\000t\000s\000\040\000a\000n\000d\000\040\000E\000R\000A\0005\000\040\000E\000r\000t\000e\000l\000\040\000P\000V}{chapter.4}% 21
\BOOKMARK [1][-]{section.4.5}{\376\377\000S\000t\000e\000p\000\040\0000\0009\000\040\040\024\000\040\000P\000V\000\040\000A\000d\000v\000e\000c\000t\000i\000o\000n\000\040\000b\000y\000\040\000t\000h\000e\000\040\000I\000n\000d\000u\000c\000e\000d\000\040\000W\000i\000n\000d\000s}{chapter.4}% 22
\BOOKMARK [1][-]{section.4.6}{\376\377\000S\000t\000e\000p\000\040\0001\0000\000\040\040\024\000\040\000F\000i\000g\000.\000\040\0008\000\040\000R\000e\000p\000l\000i\000c\000a\000\040\000\050\000t\000h\000e\000\040\000B\000e\000n\000c\000h\000m\000a\000r\000k\000\040\000R\000e\000s\000u\000l\000t\000\051}{chapter.4}% 23
\BOOKMARK [1][-]{section.4.7}{\376\377\000S\000I\000\040\000O\000u\000t\000p\000u\000t\000\040\000C\000o\000n\000v\000e\000n\000t\000i\000o\000n\000\040\000\050\000a\000d\000o\000p\000t\000e\000d\000\040\0002\0000\0002\0006\000-\0000\0006\000-\0000\0003\000\051}{chapter.4}% 24
\BOOKMARK [-1][-]{part.2}{\376\377\000I\000I\000\040\000W\000u\000\040\000P\000y\000t\000h\000o\000n\000\040\000F\000i\000n\000i\000t\000e\000-\000D\000i\000f\000f\000e\000r\000e\000n\000c\000e\000\040\000P\000o\000r\000t}{}% 25
\BOOKMARK [0][-]{chapter.5}{\376\377\000F\000i\000n\000i\000t\000e\000-\000D\000i\000f\000f\000e\000r\000e\000n\000c\000e\000\040\000O\000p\000e\000r\000a\000t\000o\000r\000s}{part.2}% 26
\BOOKMARK [1][-]{section.5.1}{\376\377\000G\000r\000i\000d\000\040\000a\000n\000d\000\040\000M\000a\000p\000\040\000F\000a\000c\000t\000o\000r\000s}{chapter.5}% 27
\BOOKMARK [1][-]{section.5.2}{\376\377\000F\000i\000v\000e\000-\000P\000o\000i\000n\000t\000\040\000L\000a\000p\000l\000a\000c\000i\000a\000n}{chapter.5}% 28
\BOOKMARK [1][-]{section.5.3}{\376\377\000P\000o\000i\000s\000s\000o\000n\000\040\000S\000o\000l\000v\000e\000r\000\040\000\050\000R\000e\000d\000-\000B\000l\000a\000c\000k\000\040\000S\000O\000R\000\051}{chapter.5}% 29
\BOOKMARK [1][-]{section.5.4}{\376\377\000I\000m\000p\000l\000i\000c\000i\000t\000\040\000V\000e\000r\000t\000i\000c\000a\000l\000\040\000T\000r\000i\000d\000i\000a\000g\000o\000n\000a\000l\000\040\000S\000o\000l\000v\000e\000r}{chapter.5}% 30
\BOOKMARK [1][-]{section.5.5}{\376\377\000S\000u\000m\000m\000a\000r\000y\000:\000\040\000F\000D\000\040\000v\000s\000\040\000S\000H\000\040\000O\000p\000e\000r\000a\000t\000o\000r\000s}{chapter.5}% 31
\BOOKMARK [0][-]{chapter.6}{\376\377\000F\000o\000r\000w\000a\000r\000d\000\040\000P\000V\000\040\000C\000o\000m\000p\000u\000t\000a\000t\000i\000o\000n}{part.2}% 32
\BOOKMARK [1][-]{section.6.1}{\376\377\000E\000r\000t\000e\000l\000\040\000P\000V\000\040\000o\000n\000\040\000S\000i\000g\000m\000a\000\040\000L\000e\000v\000e\000l\000s}{chapter.6}% 33
\BOOKMARK [1][-]{section.6.2}{\376\377\000B\000a\000l\000a\000n\000c\000e\000d\000\040\000S\000t\000r\000e\000a\000m\000f\000u\000n\000c\000t\000i\000o\000n}{chapter.6}% 34
\BOOKMARK [1][-]{section.6.3}{\376\377\000B\000o\000u\000n\000d\000a\000r\000y\000\040\000S\000t\000r\000e\000a\000m\000f\000u\000n\000c\000t\000i\000o\000n\000\040\000f\000r\000o\000m\000\040\000W\000i\000n\000d\000\040\000I\000n\000t\000e\000g\000r\000a\000t\000i\000o\000n}{chapter.6}% 35
\BOOKMARK [1][-]{section.6.4}{\376\377\000I\000m\000p\000l\000e\000m\000e\000n\000t\000a\000t\000i\000o\000n}{chapter.6}% 36
\BOOKMARK [0][-]{chapter.7}{\376\377\000T\000h\000e\000\040\000W\000u\000\040\000N\000o\000n\000-\000D\000i\000m\000e\000n\000s\000i\000o\000n\000a\000l\000\040\000B\000A\000L\000N\000C\000\040\000P\000o\000r\000t\000\040\000\050\000S\000p\000h\000e\000r\000i\000c\000a\000l\000\040\000H\000a\000r\000m\000o\000n\000i\000c\000s\000\051}{part.2}% 37
\BOOKMARK [1][-]{section.7.1}{\376\377\000W\000u\000\040\000N\000o\000n\000-\000D\000i\000m\000e\000n\000s\000i\000o\000n\000a\000l\000i\000s\000a\000t\000i\000o\000n}{chapter.7}% 38
\BOOKMARK [1][-]{section.7.2}{\376\377\000V\000e\000r\000t\000i\000c\000a\000l\000\040\000O\000p\000e\000r\000a\000t\000o\000r\000:\000\040\000B\000B\000,\000B\000H\000,\000B\000L}{chapter.7}% 39
\BOOKMARK [1][-]{section.7.3}{\376\377\000T\000h\000e\000\040\000C\000o\000u\000p\000l\000e\000d\000\040\000B\000A\000L\000N\000C\000\040\000S\000y\000s\000t\000e\000m}{chapter.7}% 40
\BOOKMARK [1][-]{section.7.4}{\376\377\000S\000H\000\040\000R\000e\000a\000l\000i\000s\000a\000t\000i\000o\000n\000\040\000o\000f\000\040\000t\000h\000e\000\040\000W\000u\000\040\000O\000p\000e\000r\000a\000t\000o\000r\000s}{chapter.7}% 41
\BOOKMARK [1][-]{section.7.5}{\376\377\000D\000i\000s\000c\000r\000e\000p\000a\000n\000c\000i\000e\000s\000\040\000b\000e\000t\000w\000e\000e\000n\000\040\000t\000h\000e\000\040\000W\000u\000\040\000F\000D\000\040\000R\000e\000f\000e\000r\000e\000n\000c\000e\000\040\000a\000n\000d\000\040\000t\000h\000e\000\040\000S\000H\000\040\000P\000o\000r\000t}{chapter.7}% 42
\BOOKMARK [1][-]{section.7.6}{\376\377\000O\000p\000e\000n\000\040\000I\000s\000s\000u\000e\000s\000\040\000/\000\040\000N\000o\000t\000\040\000Y\000e\000t\000\040\000D\000o\000n\000e}{chapter.7}% 43
\BOOKMARK [0][-]{chapter.8}{\376\377\000C\000o\000n\000c\000l\000u\000s\000i\000o\000n\000s\000\040\000a\000n\000d\000\040\000O\000u\000t\000l\000o\000o\000k}{part.2}% 44
\BOOKMARK [1][-]{section.8.1}{\376\377\000S\000u\000m\000m\000a\000r\000y}{chapter.8}% 45
\BOOKMARK [1][-]{section.8.2}{\376\377\000S\000t\000a\000t\000u\000s\000\040\000a\000n\000d\000\040\000K\000n\000o\000w\000n\000\040\000L\000i\000m\000i\000t\000a\000t\000i\000o\000n\000s}{chapter.8}% 46
\BOOKMARK [1][-]{section.8.3}{\376\377\000N\000e\000x\000t\000\040\000S\000t\000e\000p\000s}{chapter.8}% 47
\BOOKMARK [0][-]{appendix.A}{\376\377\000N\000o\000t\000a\000t\000i\000o\000n\000\040\000G\000l\000o\000s\000s\000a\000r\000y}{part.2}% 48
\BOOKMARK [0][-]{appendix.B}{\376\377\000P\000u\000b\000l\000i\000c\000-\000A\000P\000I\000\040\000R\000e\000f\000e\000r\000e\000n\000c\000e}{part.2}% 49
\BOOKMARK [1][-]{section.B.1}{\376\377\000P\000a\000r\000t\000\040\000I\000\040\040\024\000\040\000W\000u\000\040\000F\000o\000r\000t\000r\000a\000n\000\040\000r\000e\000f\000e\000r\000e\000n\000c\000e\000\040\000\050\000w\000u\000/\000\051}{appendix.B}% 50
\BOOKMARK [2][-]{subsection.B.1.1}{\376\377\000c\000o\000n\000f\000i\000g\000.\000p\000y\000\040\000\050\000s\000h\000a\000r\000e\000d\000\051}{section.B.1}% 51
\BOOKMARK [2][-]{subsection.B.1.2}{\376\377\000F\000o\000r\000t\000r\000a\000n\000\040\000p\000r\000o\000g\000r\000a\000m\000s\000\040\000\050\000w\000u\000/\000f\000o\000r\000t\000r\000a\000n\000/\000\051}{section.B.1}% 52
\BOOKMARK [2][-]{subsection.B.1.3}{\376\377\000S\000t\000e\000p\000\040\000d\000r\000i\000v\000e\000r\000s\000\040\000\050\000w\000u\000/\000s\000t\000e\000p\000s\000/\000\051}{section.B.1}% 53
\BOOKMARK [1][-]{section.B.2}{\376\377\000P\000a\000r\000t\000\040\000I\000I\000\040\040\024\000\040\000W\000u\000\040\000P\000y\000t\000h\000o\000n\000\040\000f\000i\000n\000i\000t\000e\000-\000d\000i\000f\000f\000e\000r\000e\000n\000c\000e\000\040\000p\000o\000r\000t\000\040\000\050\000w\000u\000\137\000p\000y\000t\000h\000o\000n\000/\000\051}{appendix.B}% 54
\BOOKMARK [2][-]{subsection.B.2.1}{\376\377\000w\000u\000\137\000p\000y\000t\000h\000o\000n\000/\000c\000o\000r\000e\000/\000g\000r\000i\000d\000.\000p\000y}{section.B.2}% 55
\BOOKMARK [2][-]{subsection.B.2.2}{\376\377\000w\000u\000\137\000p\000y\000t\000h\000o\000n\000/\000c\000o\000r\000e\000/\000n\000o\000n\000d\000i\000m\000.\000p\000y}{section.B.2}% 56
\BOOKMARK [2][-]{subsection.B.2.3}{\376\377\000w\000u\000\137\000p\000y\000t\000h\000o\000n\000/\000c\000o\000r\000e\000/\000f\000d\000\137\000o\000p\000s\000.\000p\000y}{section.B.2}% 57
\BOOKMARK [2][-]{subsection.B.2.4}{\376\377\000w\000u\000\137\000p\000y\000t\000h\000o\000n\000/\000c\000o\000r\000e\000/\000s\000o\000r\000\137\000s\000o\000l\000v\000e\000r\000.\000p\000y}{section.B.2}% 58
\BOOKMARK [2][-]{subsection.B.2.5}{\376\377\000w\000u\000\137\000p\000y\000t\000h\000o\000n\000/\000c\000o\000r\000e\000/\000p\000v\000\137\000c\000a\000l\000c\000.\000p\000y}{section.B.2}% 59
\BOOKMARK [2][-]{subsection.B.2.6}{\376\377\000w\000u\000\137\000p\000y\000t\000h\000o\000n\000/\000c\000o\000r\000e\000/\000b\000a\000l\000a\000n\000c\000e\000.\000p\000y\000\040\000\050\000B\000A\000L\000N\000C\000\051}{section.B.2}% 60
\BOOKMARK [2][-]{subsection.B.2.7}{\376\377\000w\000u\000\137\000p\000y\000t\000h\000o\000n\000/\000c\000o\000r\000e\000/\000p\000i\000e\000c\000e\000w\000i\000s\000e\000.\000p\000y\000\040\000\050\000B\000A\000L\000P\000\051}{section.B.2}% 61
\BOOKMARK [2][-]{subsection.B.2.8}{\376\377\000w\000u\000\137\000p\000y\000t\000h\000o\000n\000/\000c\000o\000n\000f\000i\000g\000.\000p\000y}{section.B.2}% 62
\BOOKMARK [2][-]{subsection.B.2.9}{\376\377\000S\000t\000e\000p\000\040\000d\000r\000i\000v\000e\000r\000s\000\040\000\050\000w\000u\000\137\000p\000y\000t\000h\000o\000n\000/\000s\000t\000e\000p\000s\000/\000\051}{section.B.2}% 63
\BOOKMARK [1][-]{section.B.3}{\376\377\000S\000h\000a\000r\000e\000d\000\040\000u\000t\000i\000l\000i\000t\000i\000e\000s\000\040\000\050\000p\000v\000t\000e\000n\000d\000.\000s\000h\000\137\000o\000p\000s\000\051}{appendix.B}% 64
